{
  "hosts": [
    "e2e.httpbin.mesh",
    "e2e-1.httpbin.mesh"
  ],
  "http": [
    {
      "name": "v1",
      "match": [{ "headers": { "x-intuit-route-name": { "exact": "v1" } } }],
      "route": [
        {
          "destination": {
            "host": "e2e.httpbin.mesh"
          },
          "weight": 50
        },
        {
          "destination": {
            "host": "e2e-express.httpbin.mesh"
          },
          "weight": 50
        }
      ],
      "timeout": "16s"
    },
    {
      "name": "Health Check-e2e",
      "match": [
        {
          "authority": { "exact": "e2e.httpbin.mesh" },
          "headers": { "x-intuit-route-name": { "exact": "Health Check" } }
        }
      ],
      "route": [{ "destination": { "host": "e2e.httpbin.mesh" } }],
      "timeout": "12s"
    },
    {
      "name": "Health Check-e2e-1",
      "match": [
        {
          "authority": { "exact": "e2e-1.httpbin.mesh" },
          "headers": { "x-intuit-route-name": { "exact": "Health Check" } }
        }
      ],
      "route": [{ "destination": { "host": "e2e-1.httpbin.mesh" } }],
      "timeout": "12s"
    },
    {
      "name": "defaultall-e2e",
      "match": [
        {
          "uri": { "prefix": "/" },
          "authority": { "prefix": "e2e.httpbin.mesh" }
        }
      ],
      "route": [{ "destination": { "host": "e2e.httpbin.mesh" } }],
      "timeout": "16s"
    },
    {
      "name": "defaultall-e2e-1",
      "match": [
        {
          "uri": { "prefix": "/" },
          "authority": { "prefix": "e2e-1.httpbin.mesh" }
        }
      ],
      "route": [{ "destination": { "host": "e2e-1.httpbin.mesh" } }],
      "timeout": "16s"
    }
  ]
}
