{
  "hosts": [
    "e2e.httpbin.mesh",
    "e2e-air.httpbin.mesh"
  ],
  "http": [
    {
      "name": "v1-httpbin",
      "match": [
        {
          "headers": {
            "x-intuit-route-name": { "exact": "v1" },
            "x-intuit-source": {
              "exact": "httpbin"
            }
          }
        }
      ],
      "route": [
        {
          "destination": {
            "host": "e2e-air.httpbin.mesh"
          },
          "weight": 30
        },
        {
          "destination": {
            "host": "e2e-air.httpbin.mesh"
          },
          "weight": 70
        }
      ],
      "timeout": "10s"
    },
    {
      "name": "all-httpbin",
      "match": [
        {
          "headers": {
            "x-intuit-route-name": { "exact": "all" },
            "x-intuit-source": {
              "exact": "httpbin"
            }
          }
        }
      ],
      "route": [
        {
          "destination": {
            "host": "e2e-air.httpbin.mesh"
          },
          "weight": 20
        },
        {
          "destination": {
            "host": "e2e-air.httpbin.mesh"
          },
          "weight": 80
        }
      ],
      "timeout": "10s"
    },
    {
      "name": "Health Check",
      "match": [
        { "headers": { "x-intuit-route-name": { "exact": "Health Check" } } }
      ],
      "route": [
        {
          "destination": {
            "host": "e2e-air.httpbin.mesh"
          },
          "weight": 50
        },
        {
          "destination": {
            "host": "qal.httpbin.mesh"
          },
          "weight": 50
        }
      ],
      "timeout": "10s"
    },
    {
      "name": "defaultall-e2e",
      "match": [
        {
          "uri": { "prefix": "/" },
          "authority": { "prefix": "e2e.httpbin.mesh" }
        }
      ],
      "route": [{ "destination": { "host": "e2e.httpbin.mesh" } }],
      "timeout": "10s"
    },
    {
      "name": "defaultall-e2e-air-mesh",
      "match": [
        {
          "uri": { "prefix": "/" },
          "authority": { "prefix": "e2e-air.httpbin.mesh" }
        }
      ],
      "route": [
        { "destination": { "host": "e2e-air.httpbin.mesh" } }
      ],
      "timeout": "10s"
    },
    {
      "name": "defaultall-e2e-air",
      "match": [
        {
          "uri": { "prefix": "/" },
          "authority": { "prefix": "e2e.httpbin.intuit" }
        }
      ],
      "route": [
        { "destination": { "host": "e2e-air.httpbin.mesh" } }
      ],
      "timeout": "10s"
    }
  ]
}
