{
  "hosts": [
    "e2e.httpbin.mesh",
    "e2e.httpbin.intuit",
    "e2e-air.httpbin.mesh"
  ],
  "http": [
    {
      "name": "Health Check-e2e",
      "match": [
        {
          "authority": {
            "exact": "e2e.httpbin.mesh"
          },
          "headers": {
            "x-intuit-route-name": {
              "exact": "Health Check"
            }
          }
        }
      ],
      "route": [
        {
          "destination": {
            "host": "e2e.httpbin.mesh"
          }
        }
      ]
    },
    {
      "name": "v1-e2e",
      "match": [
        {
          "authority": {
            "exact": "e2e.httpbin.mesh"
          },
          "headers": {
            "x-intuit-route-name": {
              "exact": "v1"
            }
          }
        }
      ],
      "route": [
        {
          "destination": {
            "host": "e2e.httpbin.mesh"
          }
        }
      ]
    },
    {
      "name": "v1-e2e-air",
      "match": [
        {
          "authority": {
            "exact": "e2e.httpbin.intuit"
          },
          "headers": {
            "x-intuit-route-name": {
              "exact": "v1"
            }
          }
        }
      ],
      "route": [
        {
          "destination": {
            "host": "e2e-air.httpbin.mesh"
          }
        }
      ]
    },
    {
      "name": "v2-e2e",
      "match": [
        {
          "authority": {
            "exact": "e2e.httpbin.mesh"
          },
          "headers": {
            "x-intuit-route-name": {
              "exact": "v2"
            }
          }
        }
      ],
      "route": [
        {
          "destination": {
            "host": "e2e.httpbin.mesh"
          }
        }
      ]
    },
    {
      "name": "v2-e2e-air",
      "match": [
        {
          "authority": {
            "exact": "e2e.httpbin.intuit"
          },
          "headers": {
            "x-intuit-route-name": {
              "exact": "v2"
            }
          }
        }
      ],
      "route": [
        {
          "destination": {
            "host": "e2e-air.httpbin.mesh"
          }
        }
      ]
    },
    {
      "name": "defaultall-e2e",
      "match": [
        {
          "uri": {
            "prefix": "/"
          },
          "authority": {
            "prefix": "e2e.httpbin.mesh"
          }
        }
      ],
      "route": [
        {
          "destination": {
            "host": "e2e.httpbin.mesh"
          }
        }
      ]
    },
    {
      "name": "defaultall-e2e-air-mesh",
      "match": [
        {
          "uri": {
            "prefix": "/"
          },
          "authority": {
            "prefix": "e2e-air.httpbin.mesh"
          }
        }
      ],
      "route": [
        {
          "destination": {
            "host": "e2e-air.httpbin.mesh"
          }
        }
      ]
    },
    {
      "name": "defaultall-e2e-air",
      "match": [
        {
          "uri": {
            "prefix": "/"
          },
          "authority": {
            "prefix": "e2e.httpbin.intuit"
          }
        }
      ],
      "route": [
        {
          "destination": {
            "host": "e2e-air.httpbin.mesh"
          }
        }
      ]
    }
  ]
}
